s5k5e8yxv36mipiraw_Sensor.c:1467:19:close	0	static
s5k5e8yxv36mipiraw_Sensor.c:1629:19:get_resolution	0	static
s5k5e8yxv36mipiraw_Sensor.c:1650:19:get_info	0	static
s5k5e8yxv36mipiraw_Sensor.c:198:13:write_cmos_sensor	48	static
s5k5e8yxv36mipiraw_Sensor.c:188:19:read_cmos_sensor	64	static
s5k5e8yxv36mipiraw_Sensor.c:1288:16:sensor_vendor_show	32	static
s5k5e8yxv36mipiraw_Sensor.c:631:19:set_gain	80	static
s5k5e8yxv36mipiraw_Sensor.c:696:13:set_mirror_flip	48	static
s5k5e8yxv36mipiraw_Sensor.c:1494:19:preview.isra.7	48	static
s5k5e8yxv36mipiraw_Sensor.c:1753:19:control	48	static
s5k5e8yxv36mipiraw_Sensor.c:502:13:set_max_framerate	96	static
s5k5e8yxv36mipiraw_Sensor.c:1952:19:feature_control	144	static
s5k5e8yxv36mipiraw_Sensor.c:256:6:s5k5e8_start_read_otp	80	static
s5k5e8yxv36mipiraw_Sensor.c:271:6:s5k5e8_stop_read_otp	64	static
s5k5e8yxv36mipiraw_Sensor.c:279:5:s5k5e8_read_otp_wb	96	static
s5k5e8yxv36mipiraw_Sensor.c:355:6:s5k5e8_algorithm_otp_wb1	0	static
s5k5e8yxv36mipiraw_Sensor.c:441:6:s5k5e8_read_static_register_from_otp	32	static
s5k5e8yxv36mipiraw_Sensor.c:449:6:s5k5e8_write_otp_wb	80	static
s5k5e8yxv36mipiraw_Sensor.c:1387:19:open	128	static
s5k5e8yxv36mipiraw_Sensor.c:2083:8:S5K5E8YXV36_MIPI_RAW_SensorInit	0	static
