himax_852xES.c:3611:14:himax_diag_seq_start	0	static
himax_852xES.c:3617:14:himax_diag_seq_next	0	static
himax_852xES.c:3621:13:himax_diag_seq_stop	0	static
himax_852xES.c:299:13:himax_changeIref	144	static
himax_852xES.c:249:12:himax_lock_flash	64	static
himax_852xES.c:163:12:himax_hand_shaking	80	static
himax_852xES.c:7013:6:himax852xes_suspend	80	static
himax_852xES.c:1802:16:tp_fw_status_show	16	static
himax_852xES.c:3303:16:himax_vendor_read	32	static
himax_852xES.c:3222:16:himax_debug_level_read	32	static
himax_852xES.c:7340:12:himax852xes_detect	0	static
himax_852xES.c:5414:16:himax_hitouch_read	32	static
himax_852xES.c:5149:16:himax_self_test_read	128	static
himax_852xES.c:4855:16:himax_flash_read	80	static
himax_852xES.c:4051:16:himax_debug_read	64	static
himax_852xES.c:3799:16:himax_register_read	272	static
himax_852xES.c:3438:16:himax_layout_read	64	static
himax_852xES.c:3352:16:himax_int_en_read	32	static
himax_852xES.c:5310:16:himax_chip_self_test_function	128	static
himax_852xES.c:3143:13:himax_cable_detect_func	32	static
himax_852xES.c:7149:13:himax852xes_resume	32	static
himax_852xES.c:2137:13:himax_ts_button_func	48	static
himax_852xES.c:2878:29:himax_ts_timer_func	32	static
himax_852xES.c:2895:20:tpd_eint_interrupt_handler	32	static
himax_852xES.c:7378:20:himax852xes_exit	16	static
himax_852xES.c:7308:12:himax852xes_local_init	32	static
himax_852xES.c:5995:13:himax_touch_proc_deinit	32	static
himax_852xES.c:6950:12:himax852xes_remove	64	static
himax_852xES.c:743:12:himax_input_register	32	static
himax_852xES.c:5447:16:himax_hitouch_write	144	static
himax_852xES.c:3240:16:himax_debug_level_write	80	static
himax_852xES.c:3370:16:himax_int_en_write	96	static
himax_852xES.c:3723:16:himax_diag_write	144	static
himax_852xES.c:4943:16:himax_flash_write	208	static
himax_852xES.c:3907:16:himax_register_write	352	static
himax_852xES.c:3719:12:himax_diag_proc_open	16	static
himax_852xES.c:3624:12:himax_diag_seq_read	96	static
himax_852xES.c:3459:16:himax_layout_write	208	static
himax_852xES.c:3327:16:himax_attn_read	32	static
himax_852xES.c:7371:19:himax852xes_init	16	static
himax_852xES.c:7359:20:himax852xes_init_async	16	static
himax_852xES.c:238:12:himax_FlashMode	48	static
himax_852xES.c:479:16:himax_calculateChecksum	128	static
himax_852xES.c:227:12:himax_ManualMode	48	static
himax_852xES.c:584:5:fts_ctpm_fw_upgrade_with_fs	144	static
himax_852xES.c:856:6:himax_touch_information	112	static
himax_852xES.c:1483:12:himax_loadSensorConfig.isra.11	96	static
himax_852xES.c:1675:6:himax_HW_reset	48	static
himax_852xES.c:4414:13:himax_ts_flash_work_func	320	static
himax_852xES.c:3518:16:himax_reset_write	80	static
himax_852xES.c:4171:16:himax_debug_write	320	static
himax_852xES.c:1876:7:ESD_HW_REST	32	static
himax_852xES.c:2889:14:himax_ts_work_func	352	dynamic
himax_852xES.c:2911:12:touch_event_handler	416	dynamic
himax_852xES.c:2291:13:himax_ts_work	352	dynamic
himax_852xES.c:3028:5:himax_ts_register_interrupt	240	static
himax_852xES.c:6552:12:himax852xes_probe	256	static
